// Jest Snapshot v1, https://goo.gl/fbAQLP

exports[`should correctly render LoginPage 1`] = `
<div
  className="box-layout"
>
  <div
    className="box-layout__box"
  >
    <h1
      className="box-layout__title"
    >
      Tucker Tracker
    </h1>
    <p>
      Track your Tucker-sellers
    </p>
    <button
      className="button"
    >
      Login with Google
    </button>
    <p>
      (tucker is Australian for food)
    </p>
  </div>
</div>
`;
