// Jest Snapshot v1, https://goo.gl/fbAQLP

exports[`should render NotFoundPage correctly 1`] = `
<div>
  <p>
    404! not found 
  </p>
  <Link
    replace={false}
    to="/"
  >
    back
  </Link>
</div>
`;
